
> refinery-digital-twin@0.0.0 metrics
> node tests/visual/environment-metrics.mjs --task=05

# Task 05 rerun

| Look | Stress assets | Draw calls | Triangles | Median ms | p95 ms | Derived FPS | Initial bytes | Budget |
|---|---:|---:|---:|---:|---:|---:|---:|---|
| engineering | normal | 47.0 | 479196 | 1.00 | 1.60 | 1000.0 | 8729913 | PASS |
| photoreal | normal | 69.0 | 887982 | 1.70 | 2.60 | 588.2 | 29896677 | PASS |
| engineering | 500 | 57.3 | 3917087 | 1.30 | 10.20 | 769.2 | 8729913 | PASS |

## engineering / normal submissions

Display: 144 Hz; AC: true; laptop only: false; Power Scheme GUID: 27fa6203-3987-4dcc-918d-748559d549ec  (Performance). Previous comparable FPS: 144.9. Measurement: VALID.

| Category | Color | Shadow |
|---|---:|---:|
| equipment | 11.0 | 11.0 |
| pipes | 2.0 | 0.0 |
| lamps | 2.0 | 0.0 |
| ground | 6.0 | 0.0 |
| helpers | 2.0 | 0.0 |

Post passes: 13.0.

## photoreal / normal submissions

Display: 144 Hz; AC: true; laptop only: false; Power Scheme GUID: 27fa6203-3987-4dcc-918d-748559d549ec  (Performance). Previous comparable FPS: 144.9. Measurement: VALID.

| Category | Color | Shadow |
|---|---:|---:|
| equipment | 14.0 | 14.0 |
| pipes | 2.0 | 2.0 |
| lamps | 2.0 | 1.0 |
| ground | 12.0 | 7.0 |
| helpers | 1.0 | 0.0 |

Post passes: 14.0.

## engineering / 500 submissions

Display: 144 Hz; AC: true; laptop only: false; Power Scheme GUID: 27fa6203-3987-4dcc-918d-748559d549ec  (Performance). Previous comparable FPS: 144.9. Measurement: VALID.

| Category | Color | Shadow |
|---|---:|---:|
| equipment | 21.3 | 11.0 |
| pipes | 2.0 | 0.0 |
| lamps | 2.0 | 0.0 |
| ground | 6.0 | 0.0 |
| helpers | 2.0 | 0.0 |

Post passes: 13.0.

