{
  "hardware": {
    "renderer": "ANGLE (NVIDIA, NVIDIA GeForce RTX 3050 Laptop GPU (0x000025A2) Direct3D11 vs_5_0 ps_5_0, D3D11)",
    "look": "engineering",
    "interactiveAt": 1865.5,
    "dpr": 1,
    "browser": "146.0.7680.153",
    "flags": [
      "--enable-gpu",
      "--force_high_performance_gpu",
      "--use-angle=d3d11",
      "--force-color-profile=srgb",
      "--disable-background-timer-throttling",
      "--disable-renderer-backgrounding",
      "--disable-backgrounding-occluded-windows"
    ],
    "viewport": {
      "width": 1600,
      "height": 900
    }
  },
  "loadingIndicator": "PASS while HDR request held",
  "engineeringEnvironmentRequests": 0,
  "loadedRequests": 5,
  "repeatSwitchRequests": 0,
  "lazyBytes": 9804474,
  "files": [
    {
      "name": "context.glb",
      "bytes": 1800372
    },
    {
      "name": "sand-color.webp",
      "bytes": 1170648
    },
    {
      "name": "sand-normal.webp",
      "bytes": 1928894
    },
    {
      "name": "sand-rough.webp",
      "bytes": 278954
    },
    {
      "name": "sky.hdr",
      "bytes": 4624289
    },
    {
      "name": "sources.json",
      "bytes": 1317
    }
  ],
  "plantIdentity": "unchanged",
  "errors": []
}
