[
  {
    "file": "sky.hdr",
    "url": "https://dl.polyhaven.org/file/ph-assets/HDRIs/hdr/2k/kloofendal_43d_clear_puresky_2k.hdr",
    "license": "CC0-1.0",
    "sourceMd5": "62f7cb7b1dac5a90a5bbde728606773b",
    "bytes": 4624289,
    "sha256": "462a3cc63bfcd9fe0299137a0f33f4ade84e237f4cb6115fe46f5ab400693fe6"
  },
  {
    "file": "sand-color.webp",
    "url": "https://dl.polyhaven.org/file/ph-assets/Textures/png/1k/sand_01/sand_01_diff_1k.png",
    "license": "CC0-1.0",
    "sourceMd5": "2a0bb026ff6270a8b633f6a9a3492e58",
    "bytes": 1170648,
    "sha256": "31cbf20c3514c429ca4f7dc7b7392206e8dfb03b29375536b68cd85cf7ccda16"
  },
  {
    "file": "sand-normal.webp",
    "url": "https://dl.polyhaven.org/file/ph-assets/Textures/png/1k/sand_01/sand_01_nor_gl_1k.png",
    "license": "CC0-1.0",
    "sourceMd5": "4005969e85765551ccf8f121e8ee3bbd",
    "bytes": 1928894,
    "sha256": "5b01adebabeecf0323ea870847b9e8971705527f052b9f8e43dfbadc81d8115f"
  },
  {
    "file": "sand-rough.webp",
    "url": "https://dl.polyhaven.org/file/ph-assets/Textures/png/1k/sand_01/sand_01_rough_1k.png",
    "license": "CC0-1.0",
    "sourceMd5": "1b0b2c4ead63bc95240aea9739b9a670",
    "bytes": 278954,
    "sha256": "09a1079e329ce488ac5aa262ad824bc562425cbe10c8dc497de0d9b0f077e9fb"
  }
]
