
> refinery-digital-twin@0.0.0 prebuild
> npm run normalize


> refinery-digital-twin@0.0.0 normalize
> node scripts/python.mjs -m pipeline.normalize data/synthetic data/normalized

Validated normalized output written to data\normalized

> refinery-digital-twin@0.0.0 build
> npm run build -w app


> @refinery/app@0.0.0 build
> tsc --noEmit && vite build

vite v6.4.3 building for production...
transforming...
✓ 301 modules transformed.
rendering chunks...
computing gzip size...
dist/index.html                     0.37 kB │ gzip:   0.27 kB
dist/assets/index-VBXTORsW.css     18.54 kB │ gzip:   4.84 kB
dist/assets/index-DNNR0hMc.js   1,511.92 kB │ gzip: 438.54 kB

(!) Some chunks are larger than 500 kB after minification. Consider:
- Using dynamic import() to code-split the application
- Use build.rollupOptions.output.manualChunks to improve chunking: https://rollupjs.org/configuration-options/#output-manualchunks
- Adjust chunk size limit for this warning via build.chunkSizeWarningLimit.
✓ built in 5.32s
