# Task 2 after

| Look | Stress assets | Draw calls | Triangles | FPS median | p95 ms | Initial bytes | Budget |
|---|---:|---:|---:|---:|---:|---:|---|
| engineering | normal | 32.0 | 479196 | 144.9 | 7.30 | 8608978 | PASS |
| photoreal | normal | 31.0 | 479196 | 144.9 | 7.20 | 8608978 | PASS |
| engineering | 500 | 35.8 | 3917838 | 144.9 | 7.60 | 8608978 | PASS |

## engineering / normal submissions

| Category | Color | Shadow |
|---|---:|---:|
| equipment | 4.0 | 4.0 |
| pipes | 1.0 | 0.0 |
| lamps | 2.0 | 0.0 |
| ground | 6.0 | 0.0 |
| helpers | 2.0 | 0.0 |

Post passes: 13.0.

## photoreal / normal submissions

| Category | Color | Shadow |
|---|---:|---:|
| equipment | 4.0 | 4.0 |
| pipes | 1.0 | 0.0 |
| lamps | 2.0 | 0.0 |
| ground | 6.0 | 0.0 |
| helpers | 1.0 | 0.0 |

Post passes: 13.0.

## engineering / 500 submissions

| Category | Color | Shadow |
|---|---:|---:|
| equipment | 7.8 | 4.0 |
| pipes | 1.0 | 0.0 |
| lamps | 2.0 | 0.0 |
| ground | 6.0 | 0.0 |
| helpers | 2.0 | 0.0 |

Post passes: 13.0.

