00:00.079  reports          | WARNING Unable to open 'C:\Users\Mosta\AppData\Roaming\Blender Foundation\Blender\5.2\config\userpref.blend': Permission denied
Blender 5.2.1 LTS (hash 9e2066aef7ef built 2026-08-25 02:38:20)
Extensions: writing cache failed ([WinError 183] Cannot create a file when that file already exists: 'C:\\Users\\Mosta\\AppData\\Roaming\\Blender Foundation\\Blender\\5.2\\extensions\\.cache').
Extensions: writing cache failed ([WinError 183] Cannot create a file when that file already exists: 'C:\\Users\\Mosta\\AppData\\Roaming\\Blender Foundation\\Blender\\5.2\\extensions\\.cache').
catalog:CHK-storage_tank/detail-0: PASS, parts=3, max_delta=0
Extensions: writing cache failed ([WinError 183] Cannot create a file when that file already exists: 'C:\\Users\\Mosta\\AppData\\Roaming\\Blender Foundation\\Blender\\5.2\\extensions\\.cache').
Extensions: writing cache failed ([WinError 183] Cannot create a file when that file already exists: 'C:\\Users\\Mosta\\AppData\\Roaming\\Blender Foundation\\Blender\\5.2\\extensions\\.cache').
catalog:CHK-storage_tank/detail-1: PASS, parts=158, max_delta=0
Extensions: writing cache failed ([WinError 183] Cannot create a file when that file already exists: 'C:\\Users\\Mosta\\AppData\\Roaming\\Blender Foundation\\Blender\\5.2\\extensions\\.cache').
Extensions: writing cache failed ([WinError 183] Cannot create a file when that file already exists: 'C:\\Users\\Mosta\\AppData\\Roaming\\Blender Foundation\\Blender\\5.2\\extensions\\.cache').
catalog:CHK-pump/detail-0: PASS, parts=5, max_delta=0
Extensions: writing cache failed ([WinError 183] Cannot create a file when that file already exists: 'C:\\Users\\Mosta\\AppData\\Roaming\\Blender Foundation\\Blender\\5.2\\extensions\\.cache').
Extensions: writing cache failed ([WinError 183] Cannot create a file when that file already exists: 'C:\\Users\\Mosta\\AppData\\Roaming\\Blender Foundation\\Blender\\5.2\\extensions\\.cache').
catalog:CHK-pump/detail-1: PASS, parts=5, max_delta=0
Extensions: writing cache failed ([WinError 183] Cannot create a file when that file already exists: 'C:\\Users\\Mosta\\AppData\\Roaming\\Blender Foundation\\Blender\\5.2\\extensions\\.cache').
Extensions: writing cache failed ([WinError 183] Cannot create a file when that file already exists: 'C:\\Users\\Mosta\\AppData\\Roaming\\Blender Foundation\\Blender\\5.2\\extensions\\.cache').
catalog:CHK-heat_exchanger/detail-0: PASS, parts=7, max_delta=0
Extensions: writing cache failed ([WinError 183] Cannot create a file when that file already exists: 'C:\\Users\\Mosta\\AppData\\Roaming\\Blender Foundation\\Blender\\5.2\\extensions\\.cache').
Extensions: writing cache failed ([WinError 183] Cannot create a file when that file already exists: 'C:\\Users\\Mosta\\AppData\\Roaming\\Blender Foundation\\Blender\\5.2\\extensions\\.cache').
catalog:CHK-heat_exchanger/detail-1: PASS, parts=7, max_delta=0
Extensions: writing cache failed ([WinError 183] Cannot create a file when that file already exists: 'C:\\Users\\Mosta\\AppData\\Roaming\\Blender Foundation\\Blender\\5.2\\extensions\\.cache').
Extensions: writing cache failed ([WinError 183] Cannot create a file when that file already exists: 'C:\\Users\\Mosta\\AppData\\Roaming\\Blender Foundation\\Blender\\5.2\\extensions\\.cache').
catalog:CHK-fired_heater/detail-0: PASS, parts=16, max_delta=0
Extensions: writing cache failed ([WinError 183] Cannot create a file when that file already exists: 'C:\\Users\\Mosta\\AppData\\Roaming\\Blender Foundation\\Blender\\5.2\\extensions\\.cache').
Extensions: writing cache failed ([WinError 183] Cannot create a file when that file already exists: 'C:\\Users\\Mosta\\AppData\\Roaming\\Blender Foundation\\Blender\\5.2\\extensions\\.cache').
catalog:CHK-fired_heater/detail-1: PASS, parts=16, max_delta=0
Extensions: writing cache failed ([WinError 183] Cannot create a file when that file already exists: 'C:\\Users\\Mosta\\AppData\\Roaming\\Blender Foundation\\Blender\\5.2\\extensions\\.cache').
Extensions: writing cache failed ([WinError 183] Cannot create a file when that file already exists: 'C:\\Users\\Mosta\\AppData\\Roaming\\Blender Foundation\\Blender\\5.2\\extensions\\.cache').
catalog:CHK-column/detail-0: PASS, parts=3, max_delta=0
Extensions: writing cache failed ([WinError 183] Cannot create a file when that file already exists: 'C:\\Users\\Mosta\\AppData\\Roaming\\Blender Foundation\\Blender\\5.2\\extensions\\.cache').
Extensions: writing cache failed ([WinError 183] Cannot create a file when that file already exists: 'C:\\Users\\Mosta\\AppData\\Roaming\\Blender Foundation\\Blender\\5.2\\extensions\\.cache').
catalog:CHK-column/detail-1: PASS, parts=169, max_delta=0
Extensions: writing cache failed ([WinError 183] Cannot create a file when that file already exists: 'C:\\Users\\Mosta\\AppData\\Roaming\\Blender Foundation\\Blender\\5.2\\extensions\\.cache').
Extensions: writing cache failed ([WinError 183] Cannot create a file when that file already exists: 'C:\\Users\\Mosta\\AppData\\Roaming\\Blender Foundation\\Blender\\5.2\\extensions\\.cache').
catalog:CHK-vessel/detail-0: PASS, parts=3, max_delta=0
Extensions: writing cache failed ([WinError 183] Cannot create a file when that file already exists: 'C:\\Users\\Mosta\\AppData\\Roaming\\Blender Foundation\\Blender\\5.2\\extensions\\.cache').
Extensions: writing cache failed ([WinError 183] Cannot create a file when that file already exists: 'C:\\Users\\Mosta\\AppData\\Roaming\\Blender Foundation\\Blender\\5.2\\extensions\\.cache').
catalog:CHK-vessel/detail-1: PASS, parts=72, max_delta=0
Extensions: writing cache failed ([WinError 183] Cannot create a file when that file already exists: 'C:\\Users\\Mosta\\AppData\\Roaming\\Blender Foundation\\Blender\\5.2\\extensions\\.cache').
Extensions: writing cache failed ([WinError 183] Cannot create a file when that file already exists: 'C:\\Users\\Mosta\\AppData\\Roaming\\Blender Foundation\\Blender\\5.2\\extensions\\.cache').
catalog:CHK-flare/detail-0: PASS, parts=7, max_delta=0
Extensions: writing cache failed ([WinError 183] Cannot create a file when that file already exists: 'C:\\Users\\Mosta\\AppData\\Roaming\\Blender Foundation\\Blender\\5.2\\extensions\\.cache').
Extensions: writing cache failed ([WinError 183] Cannot create a file when that file already exists: 'C:\\Users\\Mosta\\AppData\\Roaming\\Blender Foundation\\Blender\\5.2\\extensions\\.cache').
catalog:CHK-flare/detail-1: PASS, parts=7, max_delta=0
Extensions: writing cache failed ([WinError 183] Cannot create a file when that file already exists: 'C:\\Users\\Mosta\\AppData\\Roaming\\Blender Foundation\\Blender\\5.2\\extensions\\.cache').
Extensions: writing cache failed ([WinError 183] Cannot create a file when that file already exists: 'C:\\Users\\Mosta\\AppData\\Roaming\\Blender Foundation\\Blender\\5.2\\extensions\\.cache').
catalog:CHK-pipe_rack/detail-0: PASS, parts=24, max_delta=0
Extensions: writing cache failed ([WinError 183] Cannot create a file when that file already exists: 'C:\\Users\\Mosta\\AppData\\Roaming\\Blender Foundation\\Blender\\5.2\\extensions\\.cache').
Extensions: writing cache failed ([WinError 183] Cannot create a file when that file already exists: 'C:\\Users\\Mosta\\AppData\\Roaming\\Blender Foundation\\Blender\\5.2\\extensions\\.cache').
catalog:CHK-pipe_rack/detail-1: PASS, parts=24, max_delta=0
Extensions: writing cache failed ([WinError 183] Cannot create a file when that file already exists: 'C:\\Users\\Mosta\\AppData\\Roaming\\Blender Foundation\\Blender\\5.2\\extensions\\.cache').
Extensions: writing cache failed ([WinError 183] Cannot create a file when that file already exists: 'C:\\Users\\Mosta\\AppData\\Roaming\\Blender Foundation\\Blender\\5.2\\extensions\\.cache').
catalog:CHK-building/detail-0: PASS, parts=2, max_delta=0
Extensions: writing cache failed ([WinError 183] Cannot create a file when that file already exists: 'C:\\Users\\Mosta\\AppData\\Roaming\\Blender Foundation\\Blender\\5.2\\extensions\\.cache').
Extensions: writing cache failed ([WinError 183] Cannot create a file when that file already exists: 'C:\\Users\\Mosta\\AppData\\Roaming\\Blender Foundation\\Blender\\5.2\\extensions\\.cache').
catalog:CHK-building/detail-1: PASS, parts=9, max_delta=0
Extensions: writing cache failed ([WinError 183] Cannot create a file when that file already exists: 'C:\\Users\\Mosta\\AppData\\Roaming\\Blender Foundation\\Blender\\5.2\\extensions\\.cache').
Extensions: writing cache failed ([WinError 183] Cannot create a file when that file already exists: 'C:\\Users\\Mosta\\AppData\\Roaming\\Blender Foundation\\Blender\\5.2\\extensions\\.cache').
catalog:CHK-cooling_tower/detail-0: PASS, parts=26, max_delta=0
Extensions: writing cache failed ([WinError 183] Cannot create a file when that file already exists: 'C:\\Users\\Mosta\\AppData\\Roaming\\Blender Foundation\\Blender\\5.2\\extensions\\.cache').
Extensions: writing cache failed ([WinError 183] Cannot create a file when that file already exists: 'C:\\Users\\Mosta\\AppData\\Roaming\\Blender Foundation\\Blender\\5.2\\extensions\\.cache').
catalog:CHK-cooling_tower/detail-1: PASS, parts=26, max_delta=0
Extensions: writing cache failed ([WinError 183] Cannot create a file when that file already exists: 'C:\\Users\\Mosta\\AppData\\Roaming\\Blender Foundation\\Blender\\5.2\\extensions\\.cache').
Extensions: writing cache failed ([WinError 183] Cannot create a file when that file already exists: 'C:\\Users\\Mosta\\AppData\\Roaming\\Blender Foundation\\Blender\\5.2\\extensions\\.cache').
plant:P-101A/detail-0: PASS, parts=5, max_delta=0
Extensions: writing cache failed ([WinError 183] Cannot create a file when that file already exists: 'C:\\Users\\Mosta\\AppData\\Roaming\\Blender Foundation\\Blender\\5.2\\extensions\\.cache').
Extensions: writing cache failed ([WinError 183] Cannot create a file when that file already exists: 'C:\\Users\\Mosta\\AppData\\Roaming\\Blender Foundation\\Blender\\5.2\\extensions\\.cache').
plant:P-101A/detail-1: PASS, parts=5, max_delta=0
Extensions: writing cache failed ([WinError 183] Cannot create a file when that file already exists: 'C:\\Users\\Mosta\\AppData\\Roaming\\Blender Foundation\\Blender\\5.2\\extensions\\.cache').
Extensions: writing cache failed ([WinError 183] Cannot create a file when that file already exists: 'C:\\Users\\Mosta\\AppData\\Roaming\\Blender Foundation\\Blender\\5.2\\extensions\\.cache').
plant:P-101B/detail-0: PASS, parts=5, max_delta=0
Extensions: writing cache failed ([WinError 183] Cannot create a file when that file already exists: 'C:\\Users\\Mosta\\AppData\\Roaming\\Blender Foundation\\Blender\\5.2\\extensions\\.cache').
Extensions: writing cache failed ([WinError 183] Cannot create a file when that file already exists: 'C:\\Users\\Mosta\\AppData\\Roaming\\Blender Foundation\\Blender\\5.2\\extensions\\.cache').
plant:P-101B/detail-1: PASS, parts=5, max_delta=0
Extensions: writing cache failed ([WinError 183] Cannot create a file when that file already exists: 'C:\\Users\\Mosta\\AppData\\Roaming\\Blender Foundation\\Blender\\5.2\\extensions\\.cache').
Extensions: writing cache failed ([WinError 183] Cannot create a file when that file already exists: 'C:\\Users\\Mosta\\AppData\\Roaming\\Blender Foundation\\Blender\\5.2\\extensions\\.cache').
plant:TK-101/detail-0: PASS, parts=3, max_delta=0
Extensions: writing cache failed ([WinError 183] Cannot create a file when that file already exists: 'C:\\Users\\Mosta\\AppData\\Roaming\\Blender Foundation\\Blender\\5.2\\extensions\\.cache').
Extensions: writing cache failed ([WinError 183] Cannot create a file when that file already exists: 'C:\\Users\\Mosta\\AppData\\Roaming\\Blender Foundation\\Blender\\5.2\\extensions\\.cache').
plant:TK-101/detail-1: PASS, parts=158, max_delta=0
Extensions: writing cache failed ([WinError 183] Cannot create a file when that file already exists: 'C:\\Users\\Mosta\\AppData\\Roaming\\Blender Foundation\\Blender\\5.2\\extensions\\.cache').
Extensions: writing cache failed ([WinError 183] Cannot create a file when that file already exists: 'C:\\Users\\Mosta\\AppData\\Roaming\\Blender Foundation\\Blender\\5.2\\extensions\\.cache').
plant:TK-102/detail-0: PASS, parts=3, max_delta=0
Extensions: writing cache failed ([WinError 183] Cannot create a file when that file already exists: 'C:\\Users\\Mosta\\AppData\\Roaming\\Blender Foundation\\Blender\\5.2\\extensions\\.cache').
Extensions: writing cache failed ([WinError 183] Cannot create a file when that file already exists: 'C:\\Users\\Mosta\\AppData\\Roaming\\Blender Foundation\\Blender\\5.2\\extensions\\.cache').
plant:TK-102/detail-1: PASS, parts=158, max_delta=0
Extensions: writing cache failed ([WinError 183] Cannot create a file when that file already exists: 'C:\\Users\\Mosta\\AppData\\Roaming\\Blender Foundation\\Blender\\5.2\\extensions\\.cache').
Extensions: writing cache failed ([WinError 183] Cannot create a file when that file already exists: 'C:\\Users\\Mosta\\AppData\\Roaming\\Blender Foundation\\Blender\\5.2\\extensions\\.cache').
plant:E-201/detail-0: PASS, parts=7, max_delta=0
Extensions: writing cache failed ([WinError 183] Cannot create a file when that file already exists: 'C:\\Users\\Mosta\\AppData\\Roaming\\Blender Foundation\\Blender\\5.2\\extensions\\.cache').
Extensions: writing cache failed ([WinError 183] Cannot create a file when that file already exists: 'C:\\Users\\Mosta\\AppData\\Roaming\\Blender Foundation\\Blender\\5.2\\extensions\\.cache').
plant:E-201/detail-1: PASS, parts=7, max_delta=0
Extensions: writing cache failed ([WinError 183] Cannot create a file when that file already exists: 'C:\\Users\\Mosta\\AppData\\Roaming\\Blender Foundation\\Blender\\5.2\\extensions\\.cache').
Extensions: writing cache failed ([WinError 183] Cannot create a file when that file already exists: 'C:\\Users\\Mosta\\AppData\\Roaming\\Blender Foundation\\Blender\\5.2\\extensions\\.cache').
plant:E-202/detail-0: PASS, parts=7, max_delta=0
Extensions: writing cache failed ([WinError 183] Cannot create a file when that file already exists: 'C:\\Users\\Mosta\\AppData\\Roaming\\Blender Foundation\\Blender\\5.2\\extensions\\.cache').
Extensions: writing cache failed ([WinError 183] Cannot create a file when that file already exists: 'C:\\Users\\Mosta\\AppData\\Roaming\\Blender Foundation\\Blender\\5.2\\extensions\\.cache').
plant:E-202/detail-1: PASS, parts=7, max_delta=0
Extensions: writing cache failed ([WinError 183] Cannot create a file when that file already exists: 'C:\\Users\\Mosta\\AppData\\Roaming\\Blender Foundation\\Blender\\5.2\\extensions\\.cache').
Extensions: writing cache failed ([WinError 183] Cannot create a file when that file already exists: 'C:\\Users\\Mosta\\AppData\\Roaming\\Blender Foundation\\Blender\\5.2\\extensions\\.cache').
plant:E-203/detail-0: PASS, parts=7, max_delta=0
Extensions: writing cache failed ([WinError 183] Cannot create a file when that file already exists: 'C:\\Users\\Mosta\\AppData\\Roaming\\Blender Foundation\\Blender\\5.2\\extensions\\.cache').
Extensions: writing cache failed ([WinError 183] Cannot create a file when that file already exists: 'C:\\Users\\Mosta\\AppData\\Roaming\\Blender Foundation\\Blender\\5.2\\extensions\\.cache').
plant:E-203/detail-1: PASS, parts=7, max_delta=0
Extensions: writing cache failed ([WinError 183] Cannot create a file when that file already exists: 'C:\\Users\\Mosta\\AppData\\Roaming\\Blender Foundation\\Blender\\5.2\\extensions\\.cache').
Extensions: writing cache failed ([WinError 183] Cannot create a file when that file already exists: 'C:\\Users\\Mosta\\AppData\\Roaming\\Blender Foundation\\Blender\\5.2\\extensions\\.cache').
plant:E-204/detail-0: PASS, parts=7, max_delta=0
Extensions: writing cache failed ([WinError 183] Cannot create a file when that file already exists: 'C:\\Users\\Mosta\\AppData\\Roaming\\Blender Foundation\\Blender\\5.2\\extensions\\.cache').
Extensions: writing cache failed ([WinError 183] Cannot create a file when that file already exists: 'C:\\Users\\Mosta\\AppData\\Roaming\\Blender Foundation\\Blender\\5.2\\extensions\\.cache').
plant:E-204/detail-1: PASS, parts=7, max_delta=0
Extensions: writing cache failed ([WinError 183] Cannot create a file when that file already exists: 'C:\\Users\\Mosta\\AppData\\Roaming\\Blender Foundation\\Blender\\5.2\\extensions\\.cache').
Extensions: writing cache failed ([WinError 183] Cannot create a file when that file already exists: 'C:\\Users\\Mosta\\AppData\\Roaming\\Blender Foundation\\Blender\\5.2\\extensions\\.cache').
plant:E-205/detail-0: PASS, parts=7, max_delta=0
Extensions: writing cache failed ([WinError 183] Cannot create a file when that file already exists: 'C:\\Users\\Mosta\\AppData\\Roaming\\Blender Foundation\\Blender\\5.2\\extensions\\.cache').
Extensions: writing cache failed ([WinError 183] Cannot create a file when that file already exists: 'C:\\Users\\Mosta\\AppData\\Roaming\\Blender Foundation\\Blender\\5.2\\extensions\\.cache').
plant:E-205/detail-1: PASS, parts=7, max_delta=0
Extensions: writing cache failed ([WinError 183] Cannot create a file when that file already exists: 'C:\\Users\\Mosta\\AppData\\Roaming\\Blender Foundation\\Blender\\5.2\\extensions\\.cache').
Extensions: writing cache failed ([WinError 183] Cannot create a file when that file already exists: 'C:\\Users\\Mosta\\AppData\\Roaming\\Blender Foundation\\Blender\\5.2\\extensions\\.cache').
plant:E-206/detail-0: PASS, parts=7, max_delta=0
Extensions: writing cache failed ([WinError 183] Cannot create a file when that file already exists: 'C:\\Users\\Mosta\\AppData\\Roaming\\Blender Foundation\\Blender\\5.2\\extensions\\.cache').
Extensions: writing cache failed ([WinError 183] Cannot create a file when that file already exists: 'C:\\Users\\Mosta\\AppData\\Roaming\\Blender Foundation\\Blender\\5.2\\extensions\\.cache').
plant:E-206/detail-1: PASS, parts=7, max_delta=0
Extensions: writing cache failed ([WinError 183] Cannot create a file when that file already exists: 'C:\\Users\\Mosta\\AppData\\Roaming\\Blender Foundation\\Blender\\5.2\\extensions\\.cache').
Extensions: writing cache failed ([WinError 183] Cannot create a file when that file already exists: 'C:\\Users\\Mosta\\AppData\\Roaming\\Blender Foundation\\Blender\\5.2\\extensions\\.cache').
plant:E-207/detail-0: PASS, parts=7, max_delta=0
Extensions: writing cache failed ([WinError 183] Cannot create a file when that file already exists: 'C:\\Users\\Mosta\\AppData\\Roaming\\Blender Foundation\\Blender\\5.2\\extensions\\.cache').
Extensions: writing cache failed ([WinError 183] Cannot create a file when that file already exists: 'C:\\Users\\Mosta\\AppData\\Roaming\\Blender Foundation\\Blender\\5.2\\extensions\\.cache').
plant:E-207/detail-1: PASS, parts=7, max_delta=0
Extensions: writing cache failed ([WinError 183] Cannot create a file when that file already exists: 'C:\\Users\\Mosta\\AppData\\Roaming\\Blender Foundation\\Blender\\5.2\\extensions\\.cache').
Extensions: writing cache failed ([WinError 183] Cannot create a file when that file already exists: 'C:\\Users\\Mosta\\AppData\\Roaming\\Blender Foundation\\Blender\\5.2\\extensions\\.cache').
plant:F-201/detail-0: PASS, parts=16, max_delta=0
Extensions: writing cache failed ([WinError 183] Cannot create a file when that file already exists: 'C:\\Users\\Mosta\\AppData\\Roaming\\Blender Foundation\\Blender\\5.2\\extensions\\.cache').
Extensions: writing cache failed ([WinError 183] Cannot create a file when that file already exists: 'C:\\Users\\Mosta\\AppData\\Roaming\\Blender Foundation\\Blender\\5.2\\extensions\\.cache').
plant:F-201/detail-1: PASS, parts=16, max_delta=0
Extensions: writing cache failed ([WinError 183] Cannot create a file when that file already exists: 'C:\\Users\\Mosta\\AppData\\Roaming\\Blender Foundation\\Blender\\5.2\\extensions\\.cache').
Extensions: writing cache failed ([WinError 183] Cannot create a file when that file already exists: 'C:\\Users\\Mosta\\AppData\\Roaming\\Blender Foundation\\Blender\\5.2\\extensions\\.cache').
plant:P-201/detail-0: PASS, parts=5, max_delta=0
Extensions: writing cache failed ([WinError 183] Cannot create a file when that file already exists: 'C:\\Users\\Mosta\\AppData\\Roaming\\Blender Foundation\\Blender\\5.2\\extensions\\.cache').
Extensions: writing cache failed ([WinError 183] Cannot create a file when that file already exists: 'C:\\Users\\Mosta\\AppData\\Roaming\\Blender Foundation\\Blender\\5.2\\extensions\\.cache').
plant:P-201/detail-1: PASS, parts=5, max_delta=0
Extensions: writing cache failed ([WinError 183] Cannot create a file when that file already exists: 'C:\\Users\\Mosta\\AppData\\Roaming\\Blender Foundation\\Blender\\5.2\\extensions\\.cache').
Extensions: writing cache failed ([WinError 183] Cannot create a file when that file already exists: 'C:\\Users\\Mosta\\AppData\\Roaming\\Blender Foundation\\Blender\\5.2\\extensions\\.cache').
plant:P-202/detail-0: PASS, parts=5, max_delta=0
Extensions: writing cache failed ([WinError 183] Cannot create a file when that file already exists: 'C:\\Users\\Mosta\\AppData\\Roaming\\Blender Foundation\\Blender\\5.2\\extensions\\.cache').
Extensions: writing cache failed ([WinError 183] Cannot create a file when that file already exists: 'C:\\Users\\Mosta\\AppData\\Roaming\\Blender Foundation\\Blender\\5.2\\extensions\\.cache').
plant:P-202/detail-1: PASS, parts=5, max_delta=0
Extensions: writing cache failed ([WinError 183] Cannot create a file when that file already exists: 'C:\\Users\\Mosta\\AppData\\Roaming\\Blender Foundation\\Blender\\5.2\\extensions\\.cache').
Extensions: writing cache failed ([WinError 183] Cannot create a file when that file already exists: 'C:\\Users\\Mosta\\AppData\\Roaming\\Blender Foundation\\Blender\\5.2\\extensions\\.cache').
plant:P-203/detail-0: PASS, parts=5, max_delta=0
Extensions: writing cache failed ([WinError 183] Cannot create a file when that file already exists: 'C:\\Users\\Mosta\\AppData\\Roaming\\Blender Foundation\\Blender\\5.2\\extensions\\.cache').
Extensions: writing cache failed ([WinError 183] Cannot create a file when that file already exists: 'C:\\Users\\Mosta\\AppData\\Roaming\\Blender Foundation\\Blender\\5.2\\extensions\\.cache').
plant:P-203/detail-1: PASS, parts=5, max_delta=0
Extensions: writing cache failed ([WinError 183] Cannot create a file when that file already exists: 'C:\\Users\\Mosta\\AppData\\Roaming\\Blender Foundation\\Blender\\5.2\\extensions\\.cache').
Extensions: writing cache failed ([WinError 183] Cannot create a file when that file already exists: 'C:\\Users\\Mosta\\AppData\\Roaming\\Blender Foundation\\Blender\\5.2\\extensions\\.cache').
plant:P-204/detail-0: PASS, parts=5, max_delta=0
Extensions: writing cache failed ([WinError 183] Cannot create a file when that file already exists: 'C:\\Users\\Mosta\\AppData\\Roaming\\Blender Foundation\\Blender\\5.2\\extensions\\.cache').
Extensions: writing cache failed ([WinError 183] Cannot create a file when that file already exists: 'C:\\Users\\Mosta\\AppData\\Roaming\\Blender Foundation\\Blender\\5.2\\extensions\\.cache').
plant:P-204/detail-1: PASS, parts=5, max_delta=0
Extensions: writing cache failed ([WinError 183] Cannot create a file when that file already exists: 'C:\\Users\\Mosta\\AppData\\Roaming\\Blender Foundation\\Blender\\5.2\\extensions\\.cache').
Extensions: writing cache failed ([WinError 183] Cannot create a file when that file already exists: 'C:\\Users\\Mosta\\AppData\\Roaming\\Blender Foundation\\Blender\\5.2\\extensions\\.cache').
plant:PR-001/detail-0: PASS, parts=24, max_delta=0
Extensions: writing cache failed ([WinError 183] Cannot create a file when that file already exists: 'C:\\Users\\Mosta\\AppData\\Roaming\\Blender Foundation\\Blender\\5.2\\extensions\\.cache').
Extensions: writing cache failed ([WinError 183] Cannot create a file when that file already exists: 'C:\\Users\\Mosta\\AppData\\Roaming\\Blender Foundation\\Blender\\5.2\\extensions\\.cache').
plant:PR-001/detail-1: PASS, parts=24, max_delta=0
Extensions: writing cache failed ([WinError 183] Cannot create a file when that file already exists: 'C:\\Users\\Mosta\\AppData\\Roaming\\Blender Foundation\\Blender\\5.2\\extensions\\.cache').
Extensions: writing cache failed ([WinError 183] Cannot create a file when that file already exists: 'C:\\Users\\Mosta\\AppData\\Roaming\\Blender Foundation\\Blender\\5.2\\extensions\\.cache').
plant:PR-002/detail-0: PASS, parts=24, max_delta=0
Extensions: writing cache failed ([WinError 183] Cannot create a file when that file already exists: 'C:\\Users\\Mosta\\AppData\\Roaming\\Blender Foundation\\Blender\\5.2\\extensions\\.cache').
Extensions: writing cache failed ([WinError 183] Cannot create a file when that file already exists: 'C:\\Users\\Mosta\\AppData\\Roaming\\Blender Foundation\\Blender\\5.2\\extensions\\.cache').
plant:PR-002/detail-1: PASS, parts=24, max_delta=0
Extensions: writing cache failed ([WinError 183] Cannot create a file when that file already exists: 'C:\\Users\\Mosta\\AppData\\Roaming\\Blender Foundation\\Blender\\5.2\\extensions\\.cache').
Extensions: writing cache failed ([WinError 183] Cannot create a file when that file already exists: 'C:\\Users\\Mosta\\AppData\\Roaming\\Blender Foundation\\Blender\\5.2\\extensions\\.cache').
plant:PR-003/detail-0: PASS, parts=24, max_delta=0
Extensions: writing cache failed ([WinError 183] Cannot create a file when that file already exists: 'C:\\Users\\Mosta\\AppData\\Roaming\\Blender Foundation\\Blender\\5.2\\extensions\\.cache').
Extensions: writing cache failed ([WinError 183] Cannot create a file when that file already exists: 'C:\\Users\\Mosta\\AppData\\Roaming\\Blender Foundation\\Blender\\5.2\\extensions\\.cache').
plant:PR-003/detail-1: PASS, parts=24, max_delta=0
Extensions: writing cache failed ([WinError 183] Cannot create a file when that file already exists: 'C:\\Users\\Mosta\\AppData\\Roaming\\Blender Foundation\\Blender\\5.2\\extensions\\.cache').
Extensions: writing cache failed ([WinError 183] Cannot create a file when that file already exists: 'C:\\Users\\Mosta\\AppData\\Roaming\\Blender Foundation\\Blender\\5.2\\extensions\\.cache').
plant:PR-004/detail-0: PASS, parts=24, max_delta=0
Extensions: writing cache failed ([WinError 183] Cannot create a file when that file already exists: 'C:\\Users\\Mosta\\AppData\\Roaming\\Blender Foundation\\Blender\\5.2\\extensions\\.cache').
Extensions: writing cache failed ([WinError 183] Cannot create a file when that file already exists: 'C:\\Users\\Mosta\\AppData\\Roaming\\Blender Foundation\\Blender\\5.2\\extensions\\.cache').
plant:PR-004/detail-1: PASS, parts=24, max_delta=0
Extensions: writing cache failed ([WinError 183] Cannot create a file when that file already exists: 'C:\\Users\\Mosta\\AppData\\Roaming\\Blender Foundation\\Blender\\5.2\\extensions\\.cache').
Extensions: writing cache failed ([WinError 183] Cannot create a file when that file already exists: 'C:\\Users\\Mosta\\AppData\\Roaming\\Blender Foundation\\Blender\\5.2\\extensions\\.cache').
plant:PR-005/detail-0: PASS, parts=24, max_delta=0
Extensions: writing cache failed ([WinError 183] Cannot create a file when that file already exists: 'C:\\Users\\Mosta\\AppData\\Roaming\\Blender Foundation\\Blender\\5.2\\extensions\\.cache').
Extensions: writing cache failed ([WinError 183] Cannot create a file when that file already exists: 'C:\\Users\\Mosta\\AppData\\Roaming\\Blender Foundation\\Blender\\5.2\\extensions\\.cache').
plant:PR-005/detail-1: PASS, parts=24, max_delta=0
Extensions: writing cache failed ([WinError 183] Cannot create a file when that file already exists: 'C:\\Users\\Mosta\\AppData\\Roaming\\Blender Foundation\\Blender\\5.2\\extensions\\.cache').
Extensions: writing cache failed ([WinError 183] Cannot create a file when that file already exists: 'C:\\Users\\Mosta\\AppData\\Roaming\\Blender Foundation\\Blender\\5.2\\extensions\\.cache').
plant:PR-006/detail-0: PASS, parts=24, max_delta=0
Extensions: writing cache failed ([WinError 183] Cannot create a file when that file already exists: 'C:\\Users\\Mosta\\AppData\\Roaming\\Blender Foundation\\Blender\\5.2\\extensions\\.cache').
Extensions: writing cache failed ([WinError 183] Cannot create a file when that file already exists: 'C:\\Users\\Mosta\\AppData\\Roaming\\Blender Foundation\\Blender\\5.2\\extensions\\.cache').
plant:PR-006/detail-1: PASS, parts=24, max_delta=0
Extensions: writing cache failed ([WinError 183] Cannot create a file when that file already exists: 'C:\\Users\\Mosta\\AppData\\Roaming\\Blender Foundation\\Blender\\5.2\\extensions\\.cache').
Extensions: writing cache failed ([WinError 183] Cannot create a file when that file already exists: 'C:\\Users\\Mosta\\AppData\\Roaming\\Blender Foundation\\Blender\\5.2\\extensions\\.cache').
plant:PR-007/detail-0: PASS, parts=24, max_delta=0
Extensions: writing cache failed ([WinError 183] Cannot create a file when that file already exists: 'C:\\Users\\Mosta\\AppData\\Roaming\\Blender Foundation\\Blender\\5.2\\extensions\\.cache').
Extensions: writing cache failed ([WinError 183] Cannot create a file when that file already exists: 'C:\\Users\\Mosta\\AppData\\Roaming\\Blender Foundation\\Blender\\5.2\\extensions\\.cache').
plant:PR-007/detail-1: PASS, parts=24, max_delta=0
Extensions: writing cache failed ([WinError 183] Cannot create a file when that file already exists: 'C:\\Users\\Mosta\\AppData\\Roaming\\Blender Foundation\\Blender\\5.2\\extensions\\.cache').
Extensions: writing cache failed ([WinError 183] Cannot create a file when that file already exists: 'C:\\Users\\Mosta\\AppData\\Roaming\\Blender Foundation\\Blender\\5.2\\extensions\\.cache').
plant:T-201/detail-0: PASS, parts=3, max_delta=0
Extensions: writing cache failed ([WinError 183] Cannot create a file when that file already exists: 'C:\\Users\\Mosta\\AppData\\Roaming\\Blender Foundation\\Blender\\5.2\\extensions\\.cache').
Extensions: writing cache failed ([WinError 183] Cannot create a file when that file already exists: 'C:\\Users\\Mosta\\AppData\\Roaming\\Blender Foundation\\Blender\\5.2\\extensions\\.cache').
plant:T-201/detail-1: PASS, parts=169, max_delta=0
Extensions: writing cache failed ([WinError 183] Cannot create a file when that file already exists: 'C:\\Users\\Mosta\\AppData\\Roaming\\Blender Foundation\\Blender\\5.2\\extensions\\.cache').
Extensions: writing cache failed ([WinError 183] Cannot create a file when that file already exists: 'C:\\Users\\Mosta\\AppData\\Roaming\\Blender Foundation\\Blender\\5.2\\extensions\\.cache').
plant:V-202/detail-0: PASS, parts=3, max_delta=0
Extensions: writing cache failed ([WinError 183] Cannot create a file when that file already exists: 'C:\\Users\\Mosta\\AppData\\Roaming\\Blender Foundation\\Blender\\5.2\\extensions\\.cache').
Extensions: writing cache failed ([WinError 183] Cannot create a file when that file already exists: 'C:\\Users\\Mosta\\AppData\\Roaming\\Blender Foundation\\Blender\\5.2\\extensions\\.cache').
plant:V-202/detail-1: PASS, parts=62, max_delta=0
Extensions: writing cache failed ([WinError 183] Cannot create a file when that file already exists: 'C:\\Users\\Mosta\\AppData\\Roaming\\Blender Foundation\\Blender\\5.2\\extensions\\.cache').
Extensions: writing cache failed ([WinError 183] Cannot create a file when that file already exists: 'C:\\Users\\Mosta\\AppData\\Roaming\\Blender Foundation\\Blender\\5.2\\extensions\\.cache').
plant:V-203/detail-0: PASS, parts=3, max_delta=0
Extensions: writing cache failed ([WinError 183] Cannot create a file when that file already exists: 'C:\\Users\\Mosta\\AppData\\Roaming\\Blender Foundation\\Blender\\5.2\\extensions\\.cache').
Extensions: writing cache failed ([WinError 183] Cannot create a file when that file already exists: 'C:\\Users\\Mosta\\AppData\\Roaming\\Blender Foundation\\Blender\\5.2\\extensions\\.cache').
plant:V-203/detail-1: PASS, parts=72, max_delta=0
Extensions: writing cache failed ([WinError 183] Cannot create a file when that file already exists: 'C:\\Users\\Mosta\\AppData\\Roaming\\Blender Foundation\\Blender\\5.2\\extensions\\.cache').
Extensions: writing cache failed ([WinError 183] Cannot create a file when that file already exists: 'C:\\Users\\Mosta\\AppData\\Roaming\\Blender Foundation\\Blender\\5.2\\extensions\\.cache').
plant:B-401/detail-0: PASS, parts=2, max_delta=0
Extensions: writing cache failed ([WinError 183] Cannot create a file when that file already exists: 'C:\\Users\\Mosta\\AppData\\Roaming\\Blender Foundation\\Blender\\5.2\\extensions\\.cache').
Extensions: writing cache failed ([WinError 183] Cannot create a file when that file already exists: 'C:\\Users\\Mosta\\AppData\\Roaming\\Blender Foundation\\Blender\\5.2\\extensions\\.cache').
plant:B-401/detail-1: PASS, parts=9, max_delta=0
Extensions: writing cache failed ([WinError 183] Cannot create a file when that file already exists: 'C:\\Users\\Mosta\\AppData\\Roaming\\Blender Foundation\\Blender\\5.2\\extensions\\.cache').
Extensions: writing cache failed ([WinError 183] Cannot create a file when that file already exists: 'C:\\Users\\Mosta\\AppData\\Roaming\\Blender Foundation\\Blender\\5.2\\extensions\\.cache').
plant:B-402/detail-0: PASS, parts=2, max_delta=0
Extensions: writing cache failed ([WinError 183] Cannot create a file when that file already exists: 'C:\\Users\\Mosta\\AppData\\Roaming\\Blender Foundation\\Blender\\5.2\\extensions\\.cache').
Extensions: writing cache failed ([WinError 183] Cannot create a file when that file already exists: 'C:\\Users\\Mosta\\AppData\\Roaming\\Blender Foundation\\Blender\\5.2\\extensions\\.cache').
plant:B-402/detail-1: PASS, parts=9, max_delta=0
Extensions: writing cache failed ([WinError 183] Cannot create a file when that file already exists: 'C:\\Users\\Mosta\\AppData\\Roaming\\Blender Foundation\\Blender\\5.2\\extensions\\.cache').
Extensions: writing cache failed ([WinError 183] Cannot create a file when that file already exists: 'C:\\Users\\Mosta\\AppData\\Roaming\\Blender Foundation\\Blender\\5.2\\extensions\\.cache').
plant:CT-401/detail-0: PASS, parts=26, max_delta=0
Extensions: writing cache failed ([WinError 183] Cannot create a file when that file already exists: 'C:\\Users\\Mosta\\AppData\\Roaming\\Blender Foundation\\Blender\\5.2\\extensions\\.cache').
Extensions: writing cache failed ([WinError 183] Cannot create a file when that file already exists: 'C:\\Users\\Mosta\\AppData\\Roaming\\Blender Foundation\\Blender\\5.2\\extensions\\.cache').
plant:CT-401/detail-1: PASS, parts=26, max_delta=0
Extensions: writing cache failed ([WinError 183] Cannot create a file when that file already exists: 'C:\\Users\\Mosta\\AppData\\Roaming\\Blender Foundation\\Blender\\5.2\\extensions\\.cache').
Extensions: writing cache failed ([WinError 183] Cannot create a file when that file already exists: 'C:\\Users\\Mosta\\AppData\\Roaming\\Blender Foundation\\Blender\\5.2\\extensions\\.cache').
plant:CT-402/detail-0: PASS, parts=26, max_delta=0
Extensions: writing cache failed ([WinError 183] Cannot create a file when that file already exists: 'C:\\Users\\Mosta\\AppData\\Roaming\\Blender Foundation\\Blender\\5.2\\extensions\\.cache').
Extensions: writing cache failed ([WinError 183] Cannot create a file when that file already exists: 'C:\\Users\\Mosta\\AppData\\Roaming\\Blender Foundation\\Blender\\5.2\\extensions\\.cache').
plant:CT-402/detail-1: PASS, parts=26, max_delta=0
Extensions: writing cache failed ([WinError 183] Cannot create a file when that file already exists: 'C:\\Users\\Mosta\\AppData\\Roaming\\Blender Foundation\\Blender\\5.2\\extensions\\.cache').
Extensions: writing cache failed ([WinError 183] Cannot create a file when that file already exists: 'C:\\Users\\Mosta\\AppData\\Roaming\\Blender Foundation\\Blender\\5.2\\extensions\\.cache').
plant:CT-403/detail-0: PASS, parts=26, max_delta=0
Extensions: writing cache failed ([WinError 183] Cannot create a file when that file already exists: 'C:\\Users\\Mosta\\AppData\\Roaming\\Blender Foundation\\Blender\\5.2\\extensions\\.cache').
Extensions: writing cache failed ([WinError 183] Cannot create a file when that file already exists: 'C:\\Users\\Mosta\\AppData\\Roaming\\Blender Foundation\\Blender\\5.2\\extensions\\.cache').
plant:CT-403/detail-1: PASS, parts=26, max_delta=0
Extensions: writing cache failed ([WinError 183] Cannot create a file when that file already exists: 'C:\\Users\\Mosta\\AppData\\Roaming\\Blender Foundation\\Blender\\5.2\\extensions\\.cache').
Extensions: writing cache failed ([WinError 183] Cannot create a file when that file already exists: 'C:\\Users\\Mosta\\AppData\\Roaming\\Blender Foundation\\Blender\\5.2\\extensions\\.cache').
plant:FL-401/detail-0: PASS, parts=7, max_delta=0
Extensions: writing cache failed ([WinError 183] Cannot create a file when that file already exists: 'C:\\Users\\Mosta\\AppData\\Roaming\\Blender Foundation\\Blender\\5.2\\extensions\\.cache').
Extensions: writing cache failed ([WinError 183] Cannot create a file when that file already exists: 'C:\\Users\\Mosta\\AppData\\Roaming\\Blender Foundation\\Blender\\5.2\\extensions\\.cache').
plant:FL-401/detail-1: PASS, parts=7, max_delta=0
Extensions: writing cache failed ([WinError 183] Cannot create a file when that file already exists: 'C:\\Users\\Mosta\\AppData\\Roaming\\Blender Foundation\\Blender\\5.2\\extensions\\.cache').
Extensions: writing cache failed ([WinError 183] Cannot create a file when that file already exists: 'C:\\Users\\Mosta\\AppData\\Roaming\\Blender Foundation\\Blender\\5.2\\extensions\\.cache').
plant:P-401/detail-0: PASS, parts=5, max_delta=0
Extensions: writing cache failed ([WinError 183] Cannot create a file when that file already exists: 'C:\\Users\\Mosta\\AppData\\Roaming\\Blender Foundation\\Blender\\5.2\\extensions\\.cache').
Extensions: writing cache failed ([WinError 183] Cannot create a file when that file already exists: 'C:\\Users\\Mosta\\AppData\\Roaming\\Blender Foundation\\Blender\\5.2\\extensions\\.cache').
plant:P-401/detail-1: PASS, parts=5, max_delta=0
Extensions: writing cache failed ([WinError 183] Cannot create a file when that file already exists: 'C:\\Users\\Mosta\\AppData\\Roaming\\Blender Foundation\\Blender\\5.2\\extensions\\.cache').
Extensions: writing cache failed ([WinError 183] Cannot create a file when that file already exists: 'C:\\Users\\Mosta\\AppData\\Roaming\\Blender Foundation\\Blender\\5.2\\extensions\\.cache').
plant:V-401/detail-0: PASS, parts=3, max_delta=0
Extensions: writing cache failed ([WinError 183] Cannot create a file when that file already exists: 'C:\\Users\\Mosta\\AppData\\Roaming\\Blender Foundation\\Blender\\5.2\\extensions\\.cache').
Extensions: writing cache failed ([WinError 183] Cannot create a file when that file already exists: 'C:\\Users\\Mosta\\AppData\\Roaming\\Blender Foundation\\Blender\\5.2\\extensions\\.cache').
plant:V-401/detail-1: PASS, parts=67, max_delta=0
Extensions: writing cache failed ([WinError 183] Cannot create a file when that file already exists: 'C:\\Users\\Mosta\\AppData\\Roaming\\Blender Foundation\\Blender\\5.2\\extensions\\.cache').
Extensions: writing cache failed ([WinError 183] Cannot create a file when that file already exists: 'C:\\Users\\Mosta\\AppData\\Roaming\\Blender Foundation\\Blender\\5.2\\extensions\\.cache').
plant:V-402/detail-0: PASS, parts=3, max_delta=0
Extensions: writing cache failed ([WinError 183] Cannot create a file when that file already exists: 'C:\\Users\\Mosta\\AppData\\Roaming\\Blender Foundation\\Blender\\5.2\\extensions\\.cache').
Extensions: writing cache failed ([WinError 183] Cannot create a file when that file already exists: 'C:\\Users\\Mosta\\AppData\\Roaming\\Blender Foundation\\Blender\\5.2\\extensions\\.cache').
plant:V-402/detail-1: PASS, parts=69, max_delta=0
Extensions: writing cache failed ([WinError 183] Cannot create a file when that file already exists: 'C:\\Users\\Mosta\\AppData\\Roaming\\Blender Foundation\\Blender\\5.2\\extensions\\.cache').
Extensions: writing cache failed ([WinError 183] Cannot create a file when that file already exists: 'C:\\Users\\Mosta\\AppData\\Roaming\\Blender Foundation\\Blender\\5.2\\extensions\\.cache').
plant:P-301/detail-0: PASS, parts=5, max_delta=0
Extensions: writing cache failed ([WinError 183] Cannot create a file when that file already exists: 'C:\\Users\\Mosta\\AppData\\Roaming\\Blender Foundation\\Blender\\5.2\\extensions\\.cache').
Extensions: writing cache failed ([WinError 183] Cannot create a file when that file already exists: 'C:\\Users\\Mosta\\AppData\\Roaming\\Blender Foundation\\Blender\\5.2\\extensions\\.cache').
plant:P-301/detail-1: PASS, parts=5, max_delta=0
Extensions: writing cache failed ([WinError 183] Cannot create a file when that file already exists: 'C:\\Users\\Mosta\\AppData\\Roaming\\Blender Foundation\\Blender\\5.2\\extensions\\.cache').
Extensions: writing cache failed ([WinError 183] Cannot create a file when that file already exists: 'C:\\Users\\Mosta\\AppData\\Roaming\\Blender Foundation\\Blender\\5.2\\extensions\\.cache').
plant:P-302/detail-0: PASS, parts=5, max_delta=0
Extensions: writing cache failed ([WinError 183] Cannot create a file when that file already exists: 'C:\\Users\\Mosta\\AppData\\Roaming\\Blender Foundation\\Blender\\5.2\\extensions\\.cache').
Extensions: writing cache failed ([WinError 183] Cannot create a file when that file already exists: 'C:\\Users\\Mosta\\AppData\\Roaming\\Blender Foundation\\Blender\\5.2\\extensions\\.cache').
plant:P-302/detail-1: PASS, parts=5, max_delta=0
Extensions: writing cache failed ([WinError 183] Cannot create a file when that file already exists: 'C:\\Users\\Mosta\\AppData\\Roaming\\Blender Foundation\\Blender\\5.2\\extensions\\.cache').
Extensions: writing cache failed ([WinError 183] Cannot create a file when that file already exists: 'C:\\Users\\Mosta\\AppData\\Roaming\\Blender Foundation\\Blender\\5.2\\extensions\\.cache').
plant:T-302/detail-0: PASS, parts=3, max_delta=0
Extensions: writing cache failed ([WinError 183] Cannot create a file when that file already exists: 'C:\\Users\\Mosta\\AppData\\Roaming\\Blender Foundation\\Blender\\5.2\\extensions\\.cache').
Extensions: writing cache failed ([WinError 183] Cannot create a file when that file already exists: 'C:\\Users\\Mosta\\AppData\\Roaming\\Blender Foundation\\Blender\\5.2\\extensions\\.cache').
plant:T-302/detail-1: PASS, parts=119, max_delta=0
Extensions: writing cache failed ([WinError 183] Cannot create a file when that file already exists: 'C:\\Users\\Mosta\\AppData\\Roaming\\Blender Foundation\\Blender\\5.2\\extensions\\.cache').
Extensions: writing cache failed ([WinError 183] Cannot create a file when that file already exists: 'C:\\Users\\Mosta\\AppData\\Roaming\\Blender Foundation\\Blender\\5.2\\extensions\\.cache').
plant:TK-301/detail-0: PASS, parts=3, max_delta=0
Extensions: writing cache failed ([WinError 183] Cannot create a file when that file already exists: 'C:\\Users\\Mosta\\AppData\\Roaming\\Blender Foundation\\Blender\\5.2\\extensions\\.cache').
Extensions: writing cache failed ([WinError 183] Cannot create a file when that file already exists: 'C:\\Users\\Mosta\\AppData\\Roaming\\Blender Foundation\\Blender\\5.2\\extensions\\.cache').
plant:TK-301/detail-1: PASS, parts=144, max_delta=0
Extensions: writing cache failed ([WinError 183] Cannot create a file when that file already exists: 'C:\\Users\\Mosta\\AppData\\Roaming\\Blender Foundation\\Blender\\5.2\\extensions\\.cache').
Extensions: writing cache failed ([WinError 183] Cannot create a file when that file already exists: 'C:\\Users\\Mosta\\AppData\\Roaming\\Blender Foundation\\Blender\\5.2\\extensions\\.cache').
plant:TK-302/detail-0: PASS, parts=3, max_delta=0
Extensions: writing cache failed ([WinError 183] Cannot create a file when that file already exists: 'C:\\Users\\Mosta\\AppData\\Roaming\\Blender Foundation\\Blender\\5.2\\extensions\\.cache').
Extensions: writing cache failed ([WinError 183] Cannot create a file when that file already exists: 'C:\\Users\\Mosta\\AppData\\Roaming\\Blender Foundation\\Blender\\5.2\\extensions\\.cache').
plant:TK-302/detail-1: PASS, parts=131, max_delta=0
Extensions: writing cache failed ([WinError 183] Cannot create a file when that file already exists: 'C:\\Users\\Mosta\\AppData\\Roaming\\Blender Foundation\\Blender\\5.2\\extensions\\.cache').
Extensions: writing cache failed ([WinError 183] Cannot create a file when that file already exists: 'C:\\Users\\Mosta\\AppData\\Roaming\\Blender Foundation\\Blender\\5.2\\extensions\\.cache').
plant:TK-303/detail-0: PASS, parts=3, max_delta=0
Extensions: writing cache failed ([WinError 183] Cannot create a file when that file already exists: 'C:\\Users\\Mosta\\AppData\\Roaming\\Blender Foundation\\Blender\\5.2\\extensions\\.cache').
Extensions: writing cache failed ([WinError 183] Cannot create a file when that file already exists: 'C:\\Users\\Mosta\\AppData\\Roaming\\Blender Foundation\\Blender\\5.2\\extensions\\.cache').
plant:TK-303/detail-1: PASS, parts=131, max_delta=0
Extensions: writing cache failed ([WinError 183] Cannot create a file when that file already exists: 'C:\\Users\\Mosta\\AppData\\Roaming\\Blender Foundation\\Blender\\5.2\\extensions\\.cache').
Extensions: writing cache failed ([WinError 183] Cannot create a file when that file already exists: 'C:\\Users\\Mosta\\AppData\\Roaming\\Blender Foundation\\Blender\\5.2\\extensions\\.cache').
plant:TK-304/detail-0: PASS, parts=3, max_delta=0
Extensions: writing cache failed ([WinError 183] Cannot create a file when that file already exists: 'C:\\Users\\Mosta\\AppData\\Roaming\\Blender Foundation\\Blender\\5.2\\extensions\\.cache').
Extensions: writing cache failed ([WinError 183] Cannot create a file when that file already exists: 'C:\\Users\\Mosta\\AppData\\Roaming\\Blender Foundation\\Blender\\5.2\\extensions\\.cache').
plant:TK-304/detail-1: PASS, parts=117, max_delta=0
Extensions: writing cache failed ([WinError 183] Cannot create a file when that file already exists: 'C:\\Users\\Mosta\\AppData\\Roaming\\Blender Foundation\\Blender\\5.2\\extensions\\.cache').
Extensions: writing cache failed ([WinError 183] Cannot create a file when that file already exists: 'C:\\Users\\Mosta\\AppData\\Roaming\\Blender Foundation\\Blender\\5.2\\extensions\\.cache').
plant:V-301/detail-0: PASS, parts=3, max_delta=0
Extensions: writing cache failed ([WinError 183] Cannot create a file when that file already exists: 'C:\\Users\\Mosta\\AppData\\Roaming\\Blender Foundation\\Blender\\5.2\\extensions\\.cache').
Extensions: writing cache failed ([WinError 183] Cannot create a file when that file already exists: 'C:\\Users\\Mosta\\AppData\\Roaming\\Blender Foundation\\Blender\\5.2\\extensions\\.cache').
plant:V-301/detail-1: PASS, parts=79, max_delta=0
Geometry parity: 106 cases, 0 failures

Blender quit
