
> refinery-digital-twin@0.0.0 metrics
> node tests/visual/environment-metrics.mjs --task=06

# Task 06 rerun

| Look | Stress assets | Draw calls | Triangles | Median ms | p95 ms | Derived FPS | Initial bytes | Budget |
|---|---:|---:|---:|---:|---:|---:|---:|---|
| engineering | normal | 47.0 | 479196 | 1.30 | 2.10 | 769.2 | 8755718 | PASS |
| photoreal | normal | 128.0 | 1435831 | 2.50 | 3.60 | 400.0 | 28121810 | PASS |
| engineering | 500 | 57.3 | 3916793 | 1.40 | 10.00 | 714.3 | 8755718 | PASS |
| photoreal-night | normal | 152.0 | 1782995 | 2.80 | 4.80 | 357.1 | 28121810 | PASS |

## engineering / normal submissions

Display: 144 Hz; AC: true; laptop only: false; Power Scheme GUID: 27fa6203-3987-4dcc-918d-748559d549ec  (Performance). Previous comparable FPS: 144.9. Measurement: VALID.

| Category | Color | Shadow |
|---|---:|---:|
| equipment | 11.0 | 11.0 |
| pipes | 2.0 | 0.0 |
| lamps | 2.0 | 0.0 |
| ground | 6.0 | 0.0 |
| helpers | 2.0 | 0.0 |

Post passes: 13.0.

## photoreal / normal submissions

Display: 144 Hz; AC: true; laptop only: false; Power Scheme GUID: 27fa6203-3987-4dcc-918d-748559d549ec  (Performance). Previous comparable FPS: 144.9. Measurement: VALID.

| Category | Color | Shadow |
|---|---:|---:|
| equipment | 28.0 | 14.0 |
| pipes | 4.0 | 2.0 |
| lamps | 4.0 | 1.0 |
| ground | 28.0 | 9.0 |
| helpers | 21.0 | 0.0 |

Post passes: 17.0.

## engineering / 500 submissions

Display: 144 Hz; AC: true; laptop only: false; Power Scheme GUID: 27fa6203-3987-4dcc-918d-748559d549ec  (Performance). Previous comparable FPS: 144.9. Measurement: VALID.

| Category | Color | Shadow |
|---|---:|---:|
| equipment | 21.3 | 11.0 |
| pipes | 2.0 | 0.0 |
| lamps | 2.0 | 0.0 |
| ground | 6.0 | 0.0 |
| helpers | 2.0 | 0.0 |

Post passes: 13.0.

## photoreal-night / normal submissions

Display: 144 Hz; AC: true; laptop only: false; Power Scheme GUID: 27fa6203-3987-4dcc-918d-748559d549ec  (Performance). Previous comparable FPS: not measured. Measurement: VALID.

| Category | Color | Shadow |
|---|---:|---:|
| equipment | 28.0 | 28.0 |
| pipes | 4.0 | 4.0 |
| lamps | 5.0 | 2.0 |
| ground | 28.0 | 15.0 |
| helpers | 21.0 | 0.0 |

Post passes: 17.0.

